
> fanapp@0.0.1 build C:\Users\artem\fanapp
> vite build

[36mvite v7.3.1 [32mbuilding ssr environment for production...[36m[39m
transforming...
19:51:04 [vite-plugin-svelte] src/lib/components/profile/PushNotificationsCard.svelte:15:25 This reference only captures the initial value of `user`. Did you mean to reference it inside a derived instead?
https://svelte.dev/e/state_referenced_locally
13:   const toastService = getToastService();
14:   let isLoading = $state(true);
15:   let receiveAll = $state(user.settings.receive_all_announcements);
                                  ^
16:   let isSavingSettings = $state(false);
17: 
19:51:18 [vite-plugin-svelte] src/lib/components/profile/EditProfileModal.svelte:25:23 This reference only captures the initial value of `user`. Did you mean to reference it inside a derived instead?
https://svelte.dev/e/state_referenced_locally
23:   let previousFirstName = $derived(user.first_name);
24: 
25:   let username = $state(user.username ?? '');
                                ^
26:   let firstName = $state(user.first_name ?? '');
27:   let isLoading = $state(false);
19:51:18 [vite-plugin-svelte] src/lib/components/profile/EditProfileModal.svelte:26:24 This reference only captures the initial value of `user`. Did you mean to reference it inside a derived instead?
https://svelte.dev/e/state_referenced_locally
24: 
25:   let username = $state(user.username ?? '');
26:   let firstName = $state(user.first_name ?? '');
                                 ^
27:   let isLoading = $state(false);
28: 
[32mтЬУ[39m 1683 modules transformed.
Unknown output options: codeSplitting. Allowed options: amd, assetFileNames, banner, chunkFileNames, compact, dir, dynamicImportInCjs, entryFileNames, esModule, experimentalMinChunkSize, exports, extend, externalImportAssertions, externalImportAttributes, externalLiveBindings, file, footer, format, freeze, generatedCode, globals, hashCharacters, hoistTransitiveImports, importAttributesKey, indent, inlineDynamicImports, interop, intro, manualChunks, minifyInternalExports, name, noConflict, onlyExplicitManualChunks, outro, paths, plugins, preserveModules, preserveModulesRoot, reexportProtoFromExternal, sanitizeFileName, sourcemap, sourcemapBaseUrl, sourcemapDebugIds, sourcemapExcludeSources, sourcemapFile, sourcemapFileNames, sourcemapIgnoreList, sourcemapPathTransform, strict, systemNullSetters, validate, virtualDirname
rendering chunks...
[36mvite v7.3.1 [32mbuilding client environment for production...[36m[39m
transforming...
19:52:05 [vite-plugin-svelte] src/lib/components/profile/PushNotificationsCard.svelte:15:25 This reference only captures the initial value of `user`. Did you mean to reference it inside a derived instead?
https://svelte.dev/e/state_referenced_locally
13:   const toastService = getToastService();
14:   let isLoading = $state(true);
15:   let receiveAll = $state(user.settings.receive_all_announcements);
                                  ^
16:   let isSavingSettings = $state(false);
17: 
19:52:31 [vite-plugin-svelte] src/lib/components/profile/EditProfileModal.svelte:25:23 This reference only captures the initial value of `user`. Did you mean to reference it inside a derived instead?
https://svelte.dev/e/state_referenced_locally
23:   let previousFirstName = $derived(user.first_name);
24: 
25:   let username = $state(user.username ?? '');
                                ^
26:   let firstName = $state(user.first_name ?? '');
27:   let isLoading = $state(false);
19:52:31 [vite-plugin-svelte] src/lib/components/profile/EditProfileModal.svelte:26:24 This reference only captures the initial value of `user`. Did you mean to reference it inside a derived instead?
https://svelte.dev/e/state_referenced_locally
24: 
25:   let username = $state(user.username ?? '');
26:   let firstName = $state(user.first_name ?? '');
                                 ^
27:   let isLoading = $state(false);
28: 
[32mтЬУ[39m 1649 modules transformed.
Unknown output options: codeSplitting. Allowed options: amd, assetFileNames, banner, chunkFileNames, compact, dir, dynamicImportInCjs, entryFileNames, esModule, experimentalMinChunkSize, exports, extend, externalImportAssertions, externalImportAttributes, externalLiveBindings, file, footer, format, freeze, generatedCode, globals, hashCharacters, hoistTransitiveImports, importAttributesKey, indent, inlineDynamicImports, interop, intro, manualChunks, minifyInternalExports, name, noConflict, onlyExplicitManualChunks, outro, paths, plugins, preserveModules, preserveModulesRoot, reexportProtoFromExternal, sanitizeFileName, sourcemap, sourcemapBaseUrl, sourcemapDebugIds, sourcemapExcludeSources, sourcemapFile, sourcemapFileNames, sourcemapIgnoreList, sourcemapPathTransform, strict, systemNullSetters, validate, virtualDirname
rendering chunks...
computing gzip size...
[2m.svelte-kit/output/client/[22m[32m_app/version.json                           [39m[1m[2m  0.03 kB[22m[1m[22m[2m тФВ gzip:  0.05 kB[22m
[2m.svelte-kit/output/client/[22m[32mmanifest.webmanifest                        [39m[1m[2m  0.46 kB[22m[1m[22m
[2m.svelte-kit/output/client/[22m[32m.vite/manifest.json                         [39m[1m[2m 17.56 kB[22m[1m[22m[2m тФВ gzip:  2.17 kB[22m
[2m.svelte-kit/output/client/[22m[35m_app/immutable/assets/helpers.CD54FDqW.css  [39m[1m[2m  0.06 kB[22m[1m[22m[2m тФВ gzip:  0.07 kB[22m
[2m.svelte-kit/output/client/[22m[35m_app/immutable/assets/0.CUcqBaDW.css        [39m[1m[2m275.15 kB[22m[1m[22m[2m тФВ gzip: 35.23 kB[22m
[2m.svelte-kit/output/client/[22m[36m_app/immutable/chunks/CaLnh0O2.js           [39m[1m[2m  0.04 kB[22m[1m[22m[2m тФВ gzip:  0.06 kB[22m
[2m.svelte-kit/output/client/[22m[36m_app/immutable/nodes/2.DnG1azL8.js          [39m[1m[2m  0.07 kB[22m[1m[22m[2m тФВ gzip:  0.08 kB[22m
[2m.svelte-kit/output/client/[22m[36m_app/immutable/nodes/3.DnG1azL8.js          [39m[1m[2m  0.07 kB[22m[1m[22m[2m тФВ gzip:  0.08 kB[22m
[2m.svelte-kit/output/client/[22m[36m_app/immutable/nodes/4.DnG1azL8.js          [39m[1m[2m  0.07 kB[22m[1m[22m[2m тФВ gzip:  0.08 kB[22m
[2m.svelte-kit/output/client/[22m[36m_app/immutable/chunks/xqETBYwx.js           [39m[1m[2m  0.08 kB[22m[1m[22m[2m тФВ gzip:  0.10 kB[22m
[2m.svelte-kit/output/client/[22m[36m_app/immutable/entry/start.CQnGCuSi.js      [39m[1m[2m  0.08 kB[22m[1m[22m[2m тФВ gzip:  0.09 kB[22m
[2m.svelte-kit/output/client/[22m[36m_app/immutable/chunks/PS--uZGb.js           [39m[1m[2m  0.19 kB[22m[1m[22m[2m тФВ gzip:  0.16 kB[22m
[2m.svelte-kit/output/client/[22m[36m_app/immutable/chunks/DeOwwrH2.js           [39m[1m[2m  0.19 kB[22m[1m[22m[2m тФВ gzip:  0.17 kB[22m
[2m.svelte-kit/output/client/[22m[36m_app/immutable/chunks/Bxy44OHj.js           [39m[1m[2m  0.20 kB[22m[1m[22m[2m тФВ gzip:  0.15 kB[22m
[2m.svelte-kit/output/client/[22m[36m_app/immutable/chunks/DI9sNdhr.js           [39m[1m[2m  0.30 kB[22m[1m[22m[2m тФВ gzip:  0.22 kB[22m
[2m.svelte-kit/output/client/[22m[36m_app/immutable/chunks/CdVVrlos.js           [39m[1m[2m  0.37 kB[22m[1m[22m[2m тФВ gzip:  0.26 kB[22m
[2m.svelte-kit/output/client/[22m[36m_app/immutable/chunks/FykSgU0o.js           [39m[1m[2m  0.38 kB[22m[1m[22m[2m тФВ gzip:  0.28 kB[22m
[2m.svelte-kit/output/client/[22m[36m_app/immutable/chunks/DX6BejYN.js           [39m[1m[2m  0.45 kB[22m[1m[22m[2m тФВ gzip:  0.31 kB[22m
[2m.svelte-kit/output/client/[22m[36m_app/immutable/nodes/1.CJyaPUhJ.js          [39m[1m[2m  0.49 kB[22m[1m[22m[2m тФВ gzip:  0.31 kB[22m
[2m.svelte-kit/output/client/[22m[36m_app/immutable/chunks/Cf_ku9z-.js           [39m[1m[2m  0.51 kB[22m[1m[22m[2m тФВ gzip:  0.33 kB[22m
[2m.svelte-kit/output/client/[22m[36m_app/immutable/chunks/DsMPYG-1.js           [39m[1m[2m  0.72 kB[22m[1m[22m[2m тФВ gzip:  0.44 kB[22m
[2m.svelte-kit/output/client/[22m[36m_app/immutable/chunks/D8dpBe42.js           [39m[1m[2m  0.74 kB[22m[1m[22m[2m тФВ gzip:  0.45 kB[22m
[2m.svelte-kit/output/client/[22m[36m_app/immutable/chunks/DJnzCdMt.js           [39m[1m[2m  0.76 kB[22m[1m[22m[2m тФВ gzip:  0.50 kB[22m
[2m.svelte-kit/output/client/[22m[36m_app/immutable/chunks/PPVm8Dsz.js           [39m[1m[2m  1.23 kB[22m[1m[22m[2m тФВ gzip:  0.71 kB[22m
[2m.svelte-kit/output/client/[22m[36m_app/immutable/chunks/DIOvYTF4.js           [39m[1m[2m  1.31 kB[22m[1m[22m[2m тФВ gzip:  0.63 kB[22m
[2m.svelte-kit/output/client/[22m[36m_app/immutable/chunks/BotBfJO-.js           [39m[1m[2m  1.49 kB[22m[1m[22m[2m тФВ gzip:  0.67 kB[22m
[2m.svelte-kit/output/client/[22m[36m_app/immutable/chunks/CQsCe71m.js           [39m[1m[2m  1.62 kB[22m[1m[22m[2m тФВ gzip:  0.85 kB[22m
[2m.svelte-kit/output/client/[22m[36m_app/immutable/chunks/DIwFbilk.js           [39m[1m[2m  1.68 kB[22m[1m[22m[2m тФВ gzip:  0.92 kB[22m
[2m.svelte-kit/output/client/[22m[36m_app/immutable/chunks/CDoNnFaH.js           [39m[1m[2m  1.70 kB[22m[1m[22m[2m тФВ gzip:  0.91 kB[22m
[2m.svelte-kit/output/client/[22m[36m_app/immutable/chunks/C1WJxsp7.js           [39m[1m[2m  1.71 kB[22m[1m[22m[2m тФВ gzip:  0.94 kB[22m
[2m.svelte-kit/output/client/[22m[36m_app/immutable/chunks/DrUt-kDE.js           [39m[1m[2m  1.71 kB[22m[1m[22m[2m тФВ gzip:  0.92 kB[22m
[2m.svelte-kit/output/client/[22m[36m_app/immutable/chunks/5CGPcHpX.js           [39m[1m[2m  1.76 kB[22m[1m[22m[2m тФВ gzip:  0.95 kB[22m
[2m.svelte-kit/output/client/[22m[36m_app/immutable/chunks/CZLXYZtG.js           [39m[1m[2m  1.81 kB[22m[1m[22m[2m тФВ gzip:  0.91 kB[22m
[2m.svelte-kit/output/client/[22m[36m_app/immutable/chunks/C0eXXPIF.js           [39m[1m[2m  2.02 kB[22m[1m[22m[2m тФВ gzip:  1.03 kB[22m
[2m.svelte-kit/output/client/[22m[36m_app/immutable/chunks/9isuGPXg.js           [39m[1m[2m  2.05 kB[22m[1m[22m[2m тФВ gzip:  1.02 kB[22m
[2m.svelte-kit/output/client/[22m[36m_app/immutable/chunks/oWu_Czi1.js           [39m[1m[2m  2.07 kB[22m[1m[22m[2m тФВ gzip:  1.14 kB[22m
[2m.svelte-kit/output/client/[22m[36m_app/immutable/chunks/Ct8Y8GTF.js           [39m[1m[2m  2.13 kB[22m[1m[22m[2m тФВ gzip:  1.15 kB[22m
[2m.svelte-kit/output/client/[22m[36m_app/immutable/chunks/DbLv-3ah.js           [39m[1m[2m  2.74 kB[22m[1m[22m[2m тФВ gzip:  1.30 kB[22m
[2m.svelte-kit/output/client/[22m[36m_app/immutable/chunks/e1GytWmX.js           [39m[1m[2m  2.79 kB[22m[1m[22m[2m тФВ gzip:  1.42 kB[22m
[2m.svelte-kit/output/client/[22m[36m_app/immutable/chunks/DR5O3cL0.js           [39m[1m[2m  2.90 kB[22m[1m[22m[2m тФВ gzip:  1.36 kB[22m
[2m.svelte-kit/output/client/[22m[36m_app/immutable/chunks/CDU9n_bi.js           [39m[1m[2m  3.04 kB[22m[1m[22m[2m тФВ gzip:  1.02 kB[22m
[2m.svelte-kit/output/client/[22m[36m_app/immutable/nodes/6.CJ0C1cUN.js          [39m[1m[2m  3.64 kB[22m[1m[22m[2m тФВ gzip:  1.83 kB[22m
[2m.svelte-kit/output/client/[22m[36m_app/immutable/chunks/CVG5IfJz.js           [39m[1m[2m  3.87 kB[22m[1m[22m[2m тФВ gzip:  1.38 kB[22m
[2m.svelte-kit/output/client/[22m[36m_app/immutable/nodes/12.BZivnoy3.js         [39m[1m[2m  4.24 kB[22m[1m[22m[2m тФВ gzip:  1.95 kB[22m
[2m.svelte-kit/output/client/[22m[36m_app/immutable/nodes/11.C8tHhUnc.js         [39m[1m[2m  4.55 kB[22m[1m[22m[2m тФВ gzip:  2.24 kB[22m
[2m.svelte-kit/output/client/[22m[36m_app/immutable/nodes/5.Dj2yqwPU.js          [39m[1m[2m  5.43 kB[22m[1m[22m[2m тФВ gzip:  2.09 kB[22m
[2m.svelte-kit/output/client/[22m[36m_app/immutable/chunks/BIl4cyR9.js           [39m[1m[2m  5.76 kB[22m[1m[22m[2m тФВ gzip:  2.37 kB[22m
[2m.svelte-kit/output/client/[22m[36m_app/immutable/nodes/7.D8zN6iaH.js          [39m[1m[2m  6.15 kB[22m[1m[22m[2m тФВ gzip:  2.50 kB[22m
[2m.svelte-kit/output/client/[22m[36m_app/immutable/nodes/10.BvkqClSx.js         [39m[1m[2m  6.53 kB[22m[1m[22m[2m тФВ gzip:  2.92 kB[22m
[2m.svelte-kit/output/client/[22m[36m_app/immutable/entry/app.DGR6gsBS.js        [39m[1m[2m  7.42 kB[22m[1m[22m[2m тФВ gzip:  2.81 kB[22m
[2m.svelte-kit/output/client/[22m[36m_app/immutable/chunks/CLPozUAW.js           [39m[1m[2m  7.69 kB[22m[1m[22m[2m тФВ gzip:  3.46 kB[22m
[2m.svelte-kit/output/client/[22m[36m_app/immutable/chunks/Lb25csDS.js           [39m[1m[2m  8.21 kB[22m[1m[22m[2m тФВ gzip:  3.50 kB[22m
[2m.svelte-kit/output/client/[22m[36m_app/immutable/nodes/13.CpfvrZlg.js         [39m[1m[2m 11.09 kB[22m[1m[22m[2m тФВ gzip:  4.05 kB[22m
[2m.svelte-kit/output/client/[22m[36m_app/immutable/chunks/kunCeAPe.js           [39m[1m[2m 15.00 kB[22m[1m[22m[2m тФВ gzip:  5.75 kB[22m
[2m.svelte-kit/output/client/[22m[36m_app/immutable/chunks/DjrL32nF.js           [39m[1m[2m 24.01 kB[22m[1m[22m[2m тФВ gzip:  9.45 kB[22m
[2m.svelte-kit/output/client/[22m[36m_app/immutable/chunks/3PtKnJL9.js           [39m[1m[2m 24.98 kB[22m[1m[22m[2m тФВ gzip:  9.84 kB[22m
[2m.svelte-kit/output/client/[22m[36m_app/immutable/nodes/8.DnF8Lh3J.js          [39m[1m[2m 28.94 kB[22m[1m[22m[2m тФВ gzip:  8.52 kB[22m
[2m.svelte-kit/output/client/[22m[36m_app/immutable/nodes/0.CS7ih1tt.js          [39m[1m[2m 31.23 kB[22m[1m[22m[2m тФВ gzip:  9.97 kB[22m
[2m.svelte-kit/output/client/[22m[36m_app/immutable/nodes/9.QqSveFB-.js          [39m[1m[2m 32.83 kB[22m[1m[22m[2m тФВ gzip:  8.32 kB[22m
[2m.svelte-kit/output/client/[22m[36m_app/immutable/chunks/hHY-0Ssp.js           [39m[1m[2m 33.24 kB[22m[1m[22m[2m тФВ gzip: 12.95 kB[22m
[2m.svelte-kit/output/client/[22m[36m_app/immutable/chunks/Xg7KAcKg.js           [39m[1m[2m226.10 kB[22m[1m[22m[2m тФВ gzip: 53.01 kB[22m
[32mтЬУ built in 1m 3s[39m
[36mvite v7.3.1 [32mbuilding client environment for production...[36m[39m
transforming...
[32mтЬУ[39m 2 modules transformed.
rendering chunks...
computing gzip size...
[2m.svelte-kit/output/client/[22m[36mservice-worker.mjs  [39m[1m[2m3.98 kB[22m[1m[22m[2m тФВ gzip: 1.47 kB[22m
[32mтЬУ built in 719ms[39m
[2m.svelte-kit/output/server/[22m[32m.vite/manifest.json                                    [39m[1m[2m 15.61 kB[22m[1m[22m
[2m.svelte-kit/output/server/[22m[35m_app/immutable/assets/theme.CD54FDqW.css               [39m[1m[2m  0.06 kB[22m[1m[22m
[2m.svelte-kit/output/server/[22m[35m_app/immutable/assets/_layout.C1TUXqIv.css             [39m[1m[2m275.12 kB[22m[1m[22m
[2m.svelte-kit/output/server/[22m[36mchunks/false.js                                        [39m[1m[2m  0.04 kB[22m[1m[22m
[2m.svelte-kit/output/server/[22m[36mentries/pages/_layout.server.ts.js                     [39m[1m[2m  0.13 kB[22m[1m[22m
[2m.svelte-kit/output/server/[22m[36mentries/pages/(auth)/_layout.server.ts.js              [39m[1m[2m  0.13 kB[22m[1m[22m
[2m.svelte-kit/output/server/[22m[36mentries/pages/(protected)/_layout.server.ts.js         [39m[1m[2m  0.13 kB[22m[1m[22m
[2m.svelte-kit/output/server/[22m[36mentries/pages/verify-email/_page.ts.js                 [39m[1m[2m  0.13 kB[22m[1m[22m
[2m.svelte-kit/output/server/[22m[36mentries/fallbacks/layout.svelte.js                     [39m[1m[2m  0.16 kB[22m[1m[22m
[2m.svelte-kit/output/server/[22m[36mchunks/helpers.js                                      [39m[1m[2m  0.16 kB[22m[1m[22m
[2m.svelte-kit/output/server/[22m[36mentries/fallbacks/error.svelte.js                      [39m[1m[2m  0.33 kB[22m[1m[22m
[2m.svelte-kit/output/server/[22m[36minternal.js                                            [39m[1m[2m  0.35 kB[22m[1m[22m
[2m.svelte-kit/output/server/[22m[36mentries/pages/voting/_page.ts.js                       [39m[1m[2m  0.38 kB[22m[1m[22m
[2m.svelte-kit/output/server/[22m[36mchunks/events.svelte.js                                [39m[1m[2m  0.38 kB[22m[1m[22m
[2m.svelte-kit/output/server/[22m[36mentries/pages/voting/_layout.server.ts.js              [39m[1m[2m  0.41 kB[22m[1m[22m
[2m.svelte-kit/output/server/[22m[36mchunks/state.svelte.js                                 [39m[1m[2m  0.41 kB[22m[1m[22m
[2m.svelte-kit/output/server/[22m[36mentries/pages/schedule/_page.ts.js                     [39m[1m[2m  0.45 kB[22m[1m[22m
[2m.svelte-kit/output/server/[22m[36mentries/pages/schedule/changes/_page.ts.js             [39m[1m[2m  0.48 kB[22m[1m[22m
[2m.svelte-kit/output/server/[22m[36mchunks/index3.js                                       [39m[1m[2m  0.49 kB[22m[1m[22m
[2m.svelte-kit/output/server/[22m[36mentries/pages/voting/_nominationCode_/_page.ts.js      [39m[1m[2m  0.58 kB[22m[1m[22m
[2m.svelte-kit/output/server/[22m[36mchunks/environment.js                                  [39m[1m[2m  0.62 kB[22m[1m[22m
[2m.svelte-kit/output/server/[22m[36mchunks/client.js                                       [39m[1m[2m  0.77 kB[22m[1m[22m
[2m.svelte-kit/output/server/[22m[36mchunks/SectionHeader.js                                [39m[1m[2m  0.78 kB[22m[1m[22m
[2m.svelte-kit/output/server/[22m[36mentries/pages/verify-email/_page.svelte.js             [39m[1m[2m  1.14 kB[22m[1m[22m
[2m.svelte-kit/output/server/[22m[36mchunks/utils.js                                        [39m[1m[2m  1.15 kB[22m[1m[22m
[2m.svelte-kit/output/server/[22m[36mchunks/index2.js                                       [39m[1m[2m  1.44 kB[22m[1m[22m
[2m.svelte-kit/output/server/[22m[36mchunks/toasts.svelte.js                                [39m[1m[2m  1.47 kB[22m[1m[22m
[2m.svelte-kit/output/server/[22m[36mentries/hooks.server.js                                [39m[1m[2m  1.86 kB[22m[1m[22m
[2m.svelte-kit/output/server/[22m[36mchunks/Card.js                                         [39m[1m[2m  2.11 kB[22m[1m[22m
[2m.svelte-kit/output/server/[22m[36mchunks/ClockOutline.js                                 [39m[1m[2m  2.39 kB[22m[1m[22m
[2m.svelte-kit/output/server/[22m[36mchunks/ExclamationCircleSolid.js                       [39m[1m[2m  2.39 kB[22m[1m[22m
[2m.svelte-kit/output/server/[22m[36mchunks/CheckCircleSolid.js                             [39m[1m[2m  2.41 kB[22m[1m[22m
[2m.svelte-kit/output/server/[22m[36mchunks/CalendarWeekOutline.js                          [39m[1m[2m  2.46 kB[22m[1m[22m
[2m.svelte-kit/output/server/[22m[36mchunks/index4.js                                       [39m[1m[2m  2.58 kB[22m[1m[22m
[2m.svelte-kit/output/server/[22m[36mchunks/ThumbsUpOutline.js                              [39m[1m[2m  2.76 kB[22m[1m[22m
[2m.svelte-kit/output/server/[22m[36mchunks/Alert.js                                        [39m[1m[2m  2.88 kB[22m[1m[22m
[2m.svelte-kit/output/server/[22m[36mchunks/EnvelopeSolid.js                                [39m[1m[2m  3.05 kB[22m[1m[22m
[2m.svelte-kit/output/server/[22m[36mchunks/utils2.js                                       [39m[1m[2m  3.14 kB[22m[1m[22m
[2m.svelte-kit/output/server/[22m[36mchunks/internal.js                                     [39m[1m[2m  3.32 kB[22m[1m[22m
[2m.svelte-kit/output/server/[22m[36mchunks/utils3.js                                       [39m[1m[2m  3.94 kB[22m[1m[22m
[2m.svelte-kit/output/server/[22m[36mchunks/Badge.js                                        [39m[1m[2m  4.05 kB[22m[1m[22m
[2m.svelte-kit/output/server/[22m[36mchunks/Avatar.js                                       [39m[1m[2m  4.10 kB[22m[1m[22m
[2m.svelte-kit/output/server/[22m[36mchunks/UserSolid.js                                    [39m[1m[2m  4.54 kB[22m[1m[22m
[2m.svelte-kit/output/server/[22m[36mentries/pages/(auth)/login/_page.svelte.js             [39m[1m[2m  4.97 kB[22m[1m[22m
[2m.svelte-kit/output/server/[22m[36mchunks/exports.js                                      [39m[1m[2m  5.59 kB[22m[1m[22m
[2m.svelte-kit/output/server/[22m[36mchunks/Button.js                                       [39m[1m[2m  5.90 kB[22m[1m[22m
[2m.svelte-kit/output/server/[22m[36mentries/pages/voting/_page.svelte.js                   [39m[1m[2m  6.19 kB[22m[1m[22m
[2m.svelte-kit/output/server/[22m[36mchunks/Spinner.js                                      [39m[1m[2m  6.19 kB[22m[1m[22m
[2m.svelte-kit/output/server/[22m[36mentries/pages/_page.svelte.js                          [39m[1m[2m  6.68 kB[22m[1m[22m
[2m.svelte-kit/output/server/[22m[36mchunks/EyeSlashOutline.js                              [39m[1m[2m  8.71 kB[22m[1m[22m
[2m.svelte-kit/output/server/[22m[36mentries/pages/schedule/changes/_page.svelte.js         [39m[1m[2m  9.04 kB[22m[1m[22m
[2m.svelte-kit/output/server/[22m[36mentries/pages/(auth)/signup/_page.svelte.js            [39m[1m[2m  9.30 kB[22m[1m[22m
[2m.svelte-kit/output/server/[22m[36mchunks/BellOutline.js                                  [39m[1m[2m 10.86 kB[22m[1m[22m
[2m.svelte-kit/output/server/[22m[36mchunks/permissions.js                                  [39m[1m[2m 16.43 kB[22m[1m[22m
[2m.svelte-kit/output/server/[22m[36mentries/pages/voting/_nominationCode_/_page.svelte.js  [39m[1m[2m 16.79 kB[22m[1m[22m
[2m.svelte-kit/output/server/[22m[36mremote-entry.js                                        [39m[1m[2m 19.00 kB[22m[1m[22m
[2m.svelte-kit/output/server/[22m[36mchunks/shared.js                                       [39m[1m[2m 42.07 kB[22m[1m[22m
[2m.svelte-kit/output/server/[22m[36mentries/pages/(protected)/profile/_page.svelte.js      [39m[1m[2m 49.33 kB[22m[1m[22m
[2m.svelte-kit/output/server/[22m[36mentries/pages/_layout.svelte.js                        [39m[1m[2m 50.70 kB[22m[1m[22m
[2m.svelte-kit/output/server/[22m[36mchunks/index.js                                        [39m[1m[2m 51.82 kB[22m[1m[22m
[2m.svelte-kit/output/server/[22m[36mentries/pages/schedule/_page.svelte.js                 [39m[1m[2m 53.83 kB[22m[1m[22m
[2m.svelte-kit/output/server/[22m[36mchunks/root.js                                         [39m[1m[2m 79.15 kB[22m[1m[22m
[2m.svelte-kit/output/server/[22m[36mindex.js                                               [39m[1m[2m127.41 kB[22m[1m[22m
[2m.svelte-kit/output/server/[22m[36mchunks/theme.js                                        [39m[1m[2m228.40 kB[22m[1m[22m
[32mтЬУ built in 2m 12s[39m

SvelteKit VitePWA v1.1.0
mode      injectManifest

Run npm run preview to preview your production build locally.

> Using @sveltejs/adapter-node
  тЬФ done
