
> fanapp@0.0.1 check C:\Users\artem\fanapp
> svelte-kit sync && svelte-check --tsconfig ./tsconfig.json

Loading svelte-check in workspace: c:\Users\artem\fanapp
Getting Svelte diagnostics...

c:\Users\artem\fanapp\[32msrc\lib\utils\permissions.ts[39m:1:15
[31mError[39m: Module '"$lib/types/user"' has no exported member 'UserFullDTO'. 
[36mimport type { [35mUserFullDTO[36m, UserPermissionDTO } from '$lib/types/user';[39m

c:\Users\artem\fanapp\[32msrc\lib\utils\users.ts[39m:1:15
[31mError[39m: Module '"$lib/types/user"' has no exported member 'UserFullDTO'. 
[36mimport type { [35mUserFullDTO[36m } from '$lib/types/user';[39m

c:\Users\artem\fanapp\[32msrc\lib\components\profile\EditProfileModal.svelte[39m:25:24
[33mWarn[39m: This reference only captures the initial value of `user`. Did you mean to reference it inside a derived instead?
https://svelte.dev/e/state_referenced_locally (svelte)
[36m
	let username = $state([35muser[36m.username ?? '');
	let firstName = $state(user.first_name ?? '');[39m

c:\Users\artem\fanapp\[32msrc\lib\components\profile\EditProfileModal.svelte[39m:26:25
[33mWarn[39m: This reference only captures the initial value of `user`. Did you mean to reference it inside a derived instead?
https://svelte.dev/e/state_referenced_locally (svelte)
[36m	let username = $state(user.username ?? '');
	let firstName = $state([35muser[36m.first_name ?? '');
	let isLoading = $state(false);[39m

c:\Users\artem\fanapp\[32msrc\lib\components\profile\BasicUserInfoCard.svelte[39m:4:16
[31mError[39m: Module '"$lib/types/user"' has no exported member 'UserFullDTO'. (ts)
[36m	import { TicketSolid, UserCircleSolid } from 'flowbite-svelte-icons';
	import type { [35mUserFullDTO[36m } from '$lib/types/user';
	import { getRoleLabel, getRoleColor } from '$lib/utils/users';[39m

c:\Users\artem\fanapp\[32msrc\lib\components\profile\PushNotificationsCard.svelte[39m:22:26
[33mWarn[39m: This reference only captures the initial value of `user`. Did you mean to reference it inside a derived instead?
https://svelte.dev/e/state_referenced_locally (svelte)
[36m	let isLoading = $state(true);
	let receiveAll = $state([35muser[36m.settings.receive_all_announcements);
	let isSavingSettings = $state(false);[39m

c:\Users\artem\fanapp\[32msrc\lib\components\profile\SecurityCard.svelte[39m:86:5
[31mError[39m: '$$_trelA2.$$slot_def' is of type 'unknown'. (ts)
[36m			<Alert color="yellow" class="mt-4">
				[35m[36m<ExclamationCircleSolid slot="icon" class="h-4 w-4" />
				<span class="font-medium">╨Т╨╜╨╕╨╝╨░╨╜╨╕╨╡!</span> ╨Ъ ╨▓╨░╤И╨╡╨╝╤Г ╨░╨║╨║╨░╤Г╨╜╤В╤Г ╨╜╨╡ ╨┐╤А╨╕╨▓╤П╨╖╨░╨╜ email. ╨Ь╤Л ╨╜╨░╤Б╤В╨╛╤П╤В╨╡╨╗╤М╨╜╨╛[39m

====================================
[31msvelte-check found 4 errors and 3 warnings in 6 files
[39mтАЙELIFECYCLEтАЙ Command failed with exit code 1.
